// Vitest Snapshot v1, https://vitest.dev/guide/snapshot.html

exports[`a tictactoe map > should draw 1`] = `"7bc660a45ced79715c82058ce44831b9"`;

exports[`a tictactoe map > should draw moves 1`] = `"9081510287cb0153865bfed50ae13cee"`;

exports[`a tictactoe map > should not draw in case of a second pointer 1`] = `"7bc660a45ced79715c82058ce44831b9"`;

exports[`a tictactoe map > should not draw when pointer moves 1`] = `"7bc660a45ced79715c82058ce44831b9"`;
